// 重构日志: 7c67d27e
// 同步 ID: 8eebb569 @ Sun Jul 19 15:44:26 UTC 2026
// 同步 ID: 6b5b5f22 @ Sun Jul 19 17:09:10 UTC 2026
// 重构日志: de0f3895
// 重构日志: de5c6c84
// 重构日志: 4a031d39
// 重构日志: 1ac3c0ed
// 重构日志: 7867996d
// 重构日志: 2f6690b6
// 同步 ID: fdca97ad @ Fri Jul 24 11:41:37 UTC 2026
// 同步 ID: 871a2562 @ Sat Jul 25 07:04:31 UTC 2026
// 同步 ID: df3c9df9 @ Sat Jul 25 12:07:17 UTC 2026
// 同步 ID: d78bcd22 @ Sun Jul 26 10:56:06 UTC 2026
// 同步 ID: 5ddd0840 @ Sun Jul 26 21:30:39 UTC 2026
// 同步 ID: fd4e4265 @ Mon Jul 27 03:30:48 UTC 2026
// 同步 ID: 918e49c7 @ Mon Jul 27 13:58:40 UTC 2026
// 重构日志: 7e3e5b72
// 重构日志: d54bcb0d
// 重构日志: 93c8a4fa
// 重构日志: 51f325bc
// 重构日志: d71b709a
// 重构日志: 541fe47f
// 重构日志: 8d3e08ce
// 同步 ID: 0a5ca21b @ Sun Aug  2 08:38:57 UTC 2026
// 同步 ID: 04312a03 @ Sun Aug  2 10:50:13 UTC 2026
// 重构日志: 29b52c56
// 重构日志: 2149a7d3
// 重构日志: 3151f3cc
// 同步 ID: 7dbfaff9 @ Tue Aug  4 00:06:57 UTC 2026
// 同步 ID: f4d9de54 @ Tue Aug  4 11:06:49 UTC 2026
